mode: set
/Users/zmb3/github/go-plus/spec/fixtures/test/src/github.com/testuser/example/go-plus.go:5.13,7.2 1 0
/Users/zmb3/github/go-plus/spec/fixtures/test/src/github.com/testuser/example/go-plus.go:9.21,11.2 1 1
